LBRACKET
RBRACKET
LBRACE
RBRACE
LPAREN
RPAREN
COMMA
SEMI
SQUOTE
STRLIT()
PLUS
MINUS
TIMES
DIVIDE
ASSIGN
PLUSEQ
MINUSEQ
EQ
NEQ
NOT
LT
LEQ
GT
GEQ
AND
OR
DOT
IF
ELSE
FOR
WHILE
BREAK
CONTINUE
INT
FLOAT
CHAR
STRING
SOCKET
STRUCT
VOID
TCP
UDP
NEW
DELETE
RETURN
EOF
