INT
LBRACKET
RBRACKET
ID(a)
ASSIGN
NEW
INT
LBRACKET
INTLIT(3)
RBRACKET
SEMI
ID(x)
LBRACKET
INTLIT(0)
RBRACKET
ASSIGN
INTLIT(1)
SEMI
ID(x)
LBRACKET
INTLIT(1)
RBRACKET
ASSIGN
INTLIT(2)
SEMI
ID(x)
LBRACKET
INTLIT(2)
RBRACKET
ASSIGN
INTLIT(3)
SEMI
INT
LBRACKET
RBRACKET
ID(b)
ASSIGN
NEW
INT
LBRACKET
RBRACKET
LBRACE
INTLIT(1)
COMMA
INTLIT(2)
COMMA
INTLIT(3)
COMMA
INTLIT(4)
RBRACE
SEMI
EOF