STRUCT
ID(animal)
LBRACE
STRING
ID(name)
SEMI
STRING
ID(color)
SEMI
INT
ID(weight)
SEMI
RBRACE
SEMI
STRUCT
ID(animal)
ID(my_animal)
ASSIGN
NEW
STRUCT
ID(animal)
SEMI
STRUCTMEM
ASSIGN
STRLIT(goat)
SEMI
STRUCTMEM
ASSIGN
STRLIT(brown)
SEMI
STRUCTMEM
ASSIGN
FLOATLIT(200.400000)
SEMI
EOF