STRUCT 
ID(person)
LBRACE 
STRING 
ID(name)
SEMI
INT 
ID(age)
SEMI
RBRACE
SEMI 
STRUCT 
ID(person) 
ID(p1)
ASSIGN
NEW 
STRUCT 
ID(person)
SEMI 
ID(p1)
DOT
ID(name)
ASSIGN 
STRLIT(Hello /n world)
SEMI 
ID(p1)
DOT
ID(age)
ASSIGN 
INTLIT(12)
SEMI 
STRUCT 
ID(couple)
LBRACE 
STRUCT 
ID(person)
ID(p1)
SEMI
RBRACE
SEMI 
STRUCT 
ID(couple)
ID(q1)
ASSIGN
NEW
STRUCT
ID(person)
SEMI 
ID(q1)
DOT
ID(p1)
DOT
ID(age)
ASSIGN 
INTLIT(14)
SEMI
EOF