struct Dimension {
	float width;
	float height;
};

struct Shape {
	struct Dimension dimension;
	string type;
};

int main()
{
{
struct Shape circle = (struct Shape : );
(struct Shape : circle=(struct Shape : new Shape));
}
(string : circle.type=(string : cnet_strcpy((string : circle.type), (string : "circle"))));
(float : circle.dimension.width=(float : 5.));
return (int : 0);
}

