int main(int a,string argv)
{
int b = (int : 4);
if ((int : (int : a) > (int : b)))
else{
(int : stdout.println((string : "a is less or equal to b")));
}
int c = (int : 9);
}

