int main(string[] args)
{
int argc = (int : alength((string[] : args)));
int arg1len = (int : slength((string : args[(int : 0)])));
file arg_count = (file : fopen((string : "argl"), (string : "w")));
socket send = (socket : nopen((string : "www.google.com"), (string : "tcp"), (int : 80), (string : "connect")));
(int : writeln((file : arg_count), (string : soi((int : arg1len)))));
return (int : 0);
}

