int main()
{
int e = (int : (int : a) + (int : (int : (int : b) * (int : c)) / (int : d)));
}

