int main()
{
{
int a = (int : 0);
(int : a=(int : 4));
}
int b = (int : 0);
(int : b=(int : 5));
(int : a=(int : 4));
(int : b=(int : (int : a) + (int : b)));
(int : b=(int : (int : b) + (int : a)));
return (int : b);
}

