int sum(int x,int y,int z)
{
(int : y);
{
float y = (float : 0.);
char[][] z = (char[][] : );
(float : y);
for ((int : x=(int : 3)) ; (int : (int : x) > (int : 2)) ; (int : x=(int : (int : x) - (int : 5))))
	 {
int[] y = (int[] : );
(int[] : y);
(int : x);
(char[][] : z);
}
}
return (int : 0);
}

int main()
{
return (int : 0);
}

