struct person {
	string name;
};

int main()
{
struct person john = (struct person : );
struct person jane = (struct person : );
int[] myInts = (int[] : );
(int[] : myInts=(int[] : new int[(int : 4)] = {(int : 1), (int : 2), (int : 3), (int : 4)}));
string[] myStrings = (string[] : new string[(int : 2)] = {(string : "hello"), (string : "world")});
struct person[] myPeople = (struct person[] : new struct person[(int : 2)] = {(struct person : john), (struct person : jane)});
return (int : 0);
}

