int main()
{
int a = (int : 0);
(int : a=(int : 4));
return (int : (int : 5) * (int : 4));
}

