x is 6
y is 21
z(27): 27
x is 6
y is 21
z(16): 27
