1
2
3
Employee 1 under Bob earns 100000 USD
Employee 1 under Bob earns 600000 CEDI
Employee 1 is rich
