FLOATLIT(1.000000)
FLOATLIT(0.000000)
FLOATLIT(300.000000)
FLOATLIT(0.200000)
FLOATLIT(100000.000000)
FLOATLIT(0.000350)
EOF