CHARLIT(13)
CHARLIT(12)
CHARLIT(9)
CHARLIT(10)
CHARLIT(0)
CHARLIT(47)
EOF
