IF
LPAREN
INTLIT(5)
LT
INTLIT(15)
OR
INTLIT(4)
GT
INTLIT(5)
RPAREN
LBRACE
RETURN
ID(true)
SEMI
RBRACE
ELSE
LBRACE
RETURN
ID(false)
SEMI
RBRACE
INT
ID(x)
ASSIGN
INTLIT(5)
SEMI
WHILE
LPAREN
ID(x)
LT
INTLIT(15)
RPAREN
LBRACE
ID(x)
PLUSEQ
INTLIT(5)
SEMI
RBRACE
FOR
LPAREN
INT
ID(i)
ASSIGN
INTLIT(16)
SEMI
ID(x)
LT
ID(i)
SEMI
RPAREN
LBRACE
ID(x)
MINUSEQ
INTLIT(1)
SEMI
RBRACE
EOF