STRING
ID(a)
ASSIGN
STRLIT(abc)
PLUS
STRLIT(def)
EOF
