INT
ID(gcd)
LPAREN
INT 
ID(a)
COMMA
INT
ID(b)
RPAREN
LBRACE
WHILE
LPAREN
ID(a)
NEQ
ID(b)
RPAREN
LBRACE
IF
LPAREN
ID(a)
GT
ID(b)
RPAREN
ID(a)
MINUSEQ
ID(b)
SEMI
ELSE
ID(b)
MINUSEQ
ID(a)
SEMI
RBRACE
RETURN
ID(a)
SEMI
RBRACE
EOF