INTLIT(10023)
FLOATLIT(100.240000)
STRLIT(Hello, World)
STRLIT(Hello
World)
STRLIT(Hello'	 World)
CHARLIT(97)
CHARLIT(10)
EOF
