FOR 
LPAREN
ID(count)
ASSIGN 
INTLIT(1)
SEMI 
ID(count)
LEQ
ID(num)
SEMI 
ID(count)
ASSIGN 
ID(COUNT)
PLUS
INTLIT(1)
RPAREN 
LBRACE
ID(sum)
PLUSEQ
ID(count)
SEMI 
RBRACE
EOF