int main()
{
	string a = "abc\n" + "";
	string b = "^$&Q*!)LL ";
}


