int main()
{
	int[] a = new int[3] = {};
	x[0] = 1;
	x[1] = 2;
	x[2] = 3;
	int[] b = new int[4] = {1, 2, 3, 4};
	int[] c = new int[5] = {1};
}


