int main(string[] args)
{
	4;
	\255;
	""6ix"ty"'9'ine";
	0.44443;
	cc;
	( x = ( 4 * ( x = y ) ) );
	( x += ( ( y + 5 ) + ( y += x ) ) );
	( x = ( !(-(y)) * -(!(4)) ) );
	( y = ( delete x * 3 ) );
	( y = x[new struct err]["2"][3] );
	( y = ( x + -(e) ) );
	( y = ( ( arithemetic_expr() + 4 ) + -(( x + 2 )) ) );
	( y -= ( ( e > ( 20 + f ) ) <= ( 11 + ( e = ( ( e && ( f + ( f * ( 2 % 2 ) ) ) ) || 11 ) ) ) ) );
	( x = new struct err );
	( x = new int[4] = {} );
	( x = new int[( y && x )] = {3, 2, 1} );
	( x = new struct err[37] = {ss, ff, ee, aa} );
	( x = new int[delete rr.dd.dd] = {} );
	rrdd();
}


