int main()
{
	int z;
	z = 15;
	if (z > 10)
	{
		z = 30;
		if (z < 20)
		{
			z = 50;
		}
		else
		{
			z = 0;
		}
	}
	else
	{
		;
	}
}


