struct dimension {
	float width;
	float height;
};

struct Shape {
	struct dimension area;
	string type;
};

int main(int argc)
{
	struct Shape circle;
	circle.type = "circle";
	circle.dimension.width = 5.;
}


